// Jest Snapshot v1, https://goo.gl/fbAQLP

exports[`App component renders App 1`] = `
<div>
  <div
    class="container"
  >
    <div
      class="App"
    >
      <div
        class="navbar"
      >
        <div
          class="MuiAvatar-root MuiAvatar-circular MuiAvatar-colorDefault avatar-bg css-2s90m6-MuiAvatar-root"
        >
          <svg
            aria-hidden="true"
            class="MuiSvgIcon-root MuiSvgIcon-fontSizeMedium css-km916w-MuiSvgIcon-root"
            data-testid="PersonIcon"
            focusable="false"
            viewBox="0 0 24 24"
          >
            <path
              d="M12 12c2.21 0 4-1.79 4-4s-1.79-4-4-4-4 1.79-4 4 1.79 4 4 4zm0 2c-2.67 0-8 1.34-8 4v2h16v-2c0-2.66-5.33-4-8-4z"
            />
          </svg>
        </div>
        <h1>
          Crossword with Friends
        </h1>
        <div
          class="icon-bg"
        >
          <img
            alt="zoom"
            class="zoom-icon"
            src="zoom-in.svg"
          />
        </div>
        <div
          class="icon-bg "
        >
          <img
            alt="pencil"
            class="pencil-icon"
            src="pencil.svg"
          />
        </div>
        <div
          class="icon-round-bg"
        >
          <img
            alt="check_puzzle"
            class="hint-icon"
            src="life-buoy.svg"
          />
        </div>
        <div
          class="icon-bg"
        >
          <img
            alt="info"
            class="info-icon"
            src="info.svg"
          />
        </div>
      </div>
      <div
        class="Board"
      >
        <div
          class="square ws-across ws-down focused-letter"
          id="0"
          tabindex="0"
        >
          <div
            class="square-gridnum"
          >
            1
          </div>
          <div
            class="square-value"
          />
        </div>
        <div
          class="square ws-down focused-word"
          id="1"
          tabindex="0"
        >
          <div
            class="square-gridnum"
          >
            2
          </div>
          <div
            class="square-value"
          />
        </div>
        <div
          class="square ws-down focused-word"
          id="2"
          tabindex="0"
        >
          <div
            class="square-gridnum"
          >
            3
          </div>
          <div
            class="square-value"
          />
        </div>
        <div
          class="square ws-down focused-word"
          id="3"
          tabindex="0"
        >
          <div
            class="square-gridnum"
          >
            4
          </div>
          <div
            class="square-value"
          />
        </div>
        <div
          class="square block"
          id="4"
          tabindex="0"
        >
          <div
            class="square-gridnum"
          />
          <div
            class="square-value"
          />
        </div>
        <div
          class="square ws-across ws-down"
          id="5"
          tabindex="0"
        >
          <div
            class="square-gridnum"
          >
            5
          </div>
          <div
            class="square-value"
          />
        </div>
        <div
          class="square ws-down"
          id="6"
          tabindex="0"
        >
          <div
            class="square-gridnum"
          >
            6
          </div>
          <div
            class="square-value"
          />
        </div>
        <div
          class="square ws-down"
          id="7"
          tabindex="0"
        >
          <div
            class="square-gridnum"
          >
            7
          </div>
          <div
            class="square-value"
          />
        </div>
        <div
          class="square ws-down"
          id="8"
          tabindex="0"
        >
          <div
            class="square-gridnum"
          >
            8
          </div>
          <div
            class="square-value"
          />
        </div>
        <div
          class="square ws-down"
          id="9"
          tabindex="0"
        >
          <div
            class="square-gridnum"
          >
            9
          </div>
          <div
            class="square-value"
          />
        </div>
        <div
          class="square block"
          id="10"
          tabindex="0"
        >
          <div
            class="square-gridnum"
          />
          <div
            class="square-value"
          />
        </div>
        <div
          class="square ws-across ws-down"
          id="11"
          tabindex="0"
        >
          <div
            class="square-gridnum"
          >
            10
          </div>
          <div
            class="square-value"
          />
        </div>
        <div
          class="square ws-down"
          id="12"
          tabindex="0"
        >
          <div
            class="square-gridnum"
          >
            11
          </div>
          <div
            class="square-value"
          />
        </div>
        <div
          class="square ws-down"
          id="13"
          tabindex="0"
        >
          <div
            class="square-gridnum"
          >
            12
          </div>
          <div
            class="square-value"
          />
        </div>
        <div
          class="square ws-down"
          id="14"
          tabindex="0"
        >
          <div
            class="square-gridnum"
          >
            13
          </div>
          <div
            class="square-value"
          />
        </div>
        <div
          class="square ws-across"
          id="15"
          tabindex="0"
        >
          <div
            class="square-gridnum"
          >
            14
          </div>
          <div
            class="square-value"
          />
        </div>
        <div
          class="square"
          id="16"
          tabindex="0"
        >
          <div
            class="square-gridnum"
          />
          <div
            class="square-value"
          />
        </div>
        <div
          class="square"
          id="17"
          tabindex="0"
        >
          <div
            class="square-gridnum"
          />
          <div
            class="square-value"
          />
        </div>
        <div
          class="square"
          id="18"
          tabindex="0"
        >
          <div
            class="square-gridnum"
          />
          <div
            class="square-value"
          />
        </div>
        <div
          class="square block"
          id="19"
          tabindex="0"
        >
          <div
            class="square-gridnum"
          />
          <div
            class="square-value"
          />
        </div>
        <div
          class="square ws-across"
          id="20"
          tabindex="0"
        >
          <div
            class="square-gridnum"
          >
            15
          </div>
          <div
            class="square-value"
          />
        </div>
        <div
          class="square"
          id="21"
          tabindex="0"
        >
          <div
            class="square-gridnum"
          />
          <div
            class="square-value"
          />
        </div>
        <div
          class="square"
          id="22"
          tabindex="0"
        >
          <div
            class="square-gridnum"
          />
          <div
            class="square-value"
          />
        </div>
        <div
          class="square"
          id="23"
          tabindex="0"
        >
          <div
            class="square-gridnum"
          />
          <div
            class="square-value"
          />
        </div>
        <div
          class="square"
          id="24"
          tabindex="0"
        >
          <div
            class="square-gridnum"
          />
          <div
            class="square-value"
          />
        </div>
        <div
          class="square block"
          id="25"
          tabindex="0"
        >
          <div
            class="square-gridnum"
          />
          <div
            class="square-value"
          />
        </div>
        <div
          class="square ws-across"
          id="26"
          tabindex="0"
        >
          <div
            class="square-gridnum"
          >
            16
          </div>
          <div
            class="square-value"
          />
        </div>
        <div
          class="square"
          id="27"
          tabindex="0"
        >
          <div
            class="square-gridnum"
          />
          <div
            class="square-value"
          />
        </div>
        <div
          class="square"
          id="28"
          tabindex="0"
        >
          <div
            class="square-gridnum"
          />
          <div
            class="square-value"
          />
        </div>
        <div
          class="square"
          id="29"
          tabindex="0"
        >
          <div
            class="square-gridnum"
          />
          <div
            class="square-value"
          />
        </div>
        <div
          class="square ws-across"
          id="30"
          tabindex="0"
        >
          <div
            class="square-gridnum"
          >
            17
          </div>
          <div
            class="square-value"
          />
        </div>
        <div
          class="square"
          id="31"
          tabindex="0"
        >
          <div
            class="square-gridnum"
          />
          <div
            class="square-value"
          />
        </div>
        <div
          class="square"
          id="32"
          tabindex="0"
        >
          <div
            class="square-gridnum"
          />
          <div
            class="square-value"
          />
        </div>
        <div
          class="square"
          id="33"
          tabindex="0"
        >
          <div
            class="square-gridnum"
          />
          <div
            class="square-value"
          />
        </div>
        <div
          class="square ws-down"
          id="34"
          tabindex="0"
        >
          <div
            class="square-gridnum"
          >
            18
          </div>
          <div
            class="square-value"
          />
        </div>
        <div
          class="square"
          id="35"
          tabindex="0"
        >
          <div
            class="square-gridnum"
          />
          <div
            class="square-value"
          />
        </div>
        <div
          class="square"
          id="36"
          tabindex="0"
        >
          <div
            class="square-gridnum"
          />
          <div
            class="square-value"
          />
        </div>
        <div
          class="square"
          id="37"
          tabindex="0"
        >
          <div
            class="square-gridnum"
          />
          <div
            class="square-value"
          />
        </div>
        <div
          class="square"
          id="38"
          tabindex="0"
        >
          <div
            class="square-gridnum"
          />
          <div
            class="square-value"
          />
        </div>
        <div
          class="square"
          id="39"
          tabindex="0"
        >
          <div
            class="square-gridnum"
          />
          <div
            class="square-value"
          />
        </div>
        <div
          class="square block"
          id="40"
          tabindex="0"
        >
          <div
            class="square-gridnum"
          />
          <div
            class="square-value"
          />
        </div>
        <div
          class="square ws-across"
          id="41"
          tabindex="0"
        >
          <div
            class="square-gridnum"
          >
            19
          </div>
          <div
            class="square-value"
          />
        </div>
        <div
          class="square"
          id="42"
          tabindex="0"
        >
          <div
            class="square-gridnum"
          />
          <div
            class="square-value"
          />
        </div>
        <div
          class="square"
          id="43"
          tabindex="0"
        >
          <div
            class="square-gridnum"
          />
          <div
            class="square-value"
          />
        </div>
        <div
          class="square"
          id="44"
          tabindex="0"
        >
          <div
            class="square-gridnum"
          />
          <div
            class="square-value"
          />
        </div>
        <div
          class="square ws-across"
          id="45"
          tabindex="0"
        >
          <div
            class="square-gridnum"
          >
            20
          </div>
          <div
            class="square-value"
          />
        </div>
        <div
          class="square"
          id="46"
          tabindex="0"
        >
          <div
            class="square-gridnum"
          />
          <div
            class="square-value"
          />
        </div>
        <div
          class="square"
          id="47"
          tabindex="0"
        >
          <div
            class="square-gridnum"
          />
          <div
            class="square-value"
          />
        </div>
        <div
          class="square"
          id="48"
          tabindex="0"
        >
          <div
            class="square-gridnum"
          />
          <div
            class="square-value"
          />
        </div>
        <div
          class="square"
          id="49"
          tabindex="0"
        >
          <div
            class="square-gridnum"
          />
          <div
            class="square-value"
          />
        </div>
        <div
          class="square block"
          id="50"
          tabindex="0"
        >
          <div
            class="square-gridnum"
          />
          <div
            class="square-value"
          />
        </div>
        <div
          class="square ws-across"
          id="51"
          tabindex="0"
        >
          <div
            class="square-gridnum"
          >
            21
          </div>
          <div
            class="square-value"
          />
        </div>
        <div
          class="square"
          id="52"
          tabindex="0"
        >
          <div
            class="square-gridnum"
          />
          <div
            class="square-value"
          />
        </div>
        <div
          class="square"
          id="53"
          tabindex="0"
        >
          <div
            class="square-gridnum"
          />
          <div
            class="square-value"
          />
        </div>
        <div
          class="square"
          id="54"
          tabindex="0"
        >
          <div
            class="square-gridnum"
          />
          <div
            class="square-value"
          />
        </div>
        <div
          class="square ws-down"
          id="55"
          tabindex="0"
        >
          <div
            class="square-gridnum"
          >
            22
          </div>
          <div
            class="square-value"
          />
        </div>
        <div
          class="square"
          id="56"
          tabindex="0"
        >
          <div
            class="square-gridnum"
          />
          <div
            class="square-value"
          />
        </div>
        <div
          class="square"
          id="57"
          tabindex="0"
        >
          <div
            class="square-gridnum"
          />
          <div
            class="square-value"
          />
        </div>
        <div
          class="square"
          id="58"
          tabindex="0"
        >
          <div
            class="square-gridnum"
          />
          <div
            class="square-value"
          />
        </div>
        <div
          class="square"
          id="59"
          tabindex="0"
        >
          <div
            class="square-gridnum"
          />
          <div
            class="square-value"
          />
        </div>
        <div
          class="square block"
          id="60"
          tabindex="0"
        >
          <div
            class="square-gridnum"
          />
          <div
            class="square-value"
          />
        </div>
        <div
          class="square block"
          id="61"
          tabindex="0"
        >
          <div
            class="square-gridnum"
          />
          <div
            class="square-value"
          />
        </div>
        <div
          class="square block"
          id="62"
          tabindex="0"
        >
          <div
            class="square-gridnum"
          />
          <div
            class="square-value"
          />
        </div>
        <div
          class="square ws-across"
          id="63"
          tabindex="0"
        >
          <div
            class="square-gridnum"
          >
            23
          </div>
          <div
            class="square-value"
          />
        </div>
        <div
          class="square"
          id="64"
          tabindex="0"
        >
          <div
            class="square-gridnum"
          />
          <div
            class="square-value"
          />
        </div>
        <div
          class="square ws-down"
          id="65"
          tabindex="0"
        >
          <div
            class="square-gridnum"
          >
            24
          </div>
          <div
            class="square-value"
          />
        </div>
        <div
          class="square"
          id="66"
          tabindex="0"
        >
          <div
            class="square-gridnum"
          />
          <div
            class="square-value"
          />
        </div>
        <div
          class="square"
          id="67"
          tabindex="0"
        >
          <div
            class="square-gridnum"
          />
          <div
            class="square-value"
          />
        </div>
        <div
          class="square block"
          id="68"
          tabindex="0"
        >
          <div
            class="square-gridnum"
          />
          <div
            class="square-value"
          />
        </div>
        <div
          class="square ws-across"
          id="69"
          tabindex="0"
        >
          <div
            class="square-gridnum"
          >
            25
          </div>
          <div
            class="square-value"
          />
        </div>
        <div
          class="square"
          id="70"
          tabindex="0"
        >
          <div
            class="square-gridnum"
          />
          <div
            class="square-value"
          />
        </div>
        <div
          class="square"
          id="71"
          tabindex="0"
        >
          <div
            class="square-gridnum"
          />
          <div
            class="square-value"
          />
        </div>
        <div
          class="square block"
          id="72"
          tabindex="0"
        >
          <div
            class="square-gridnum"
          />
          <div
            class="square-value"
          />
        </div>
        <div
          class="square block"
          id="73"
          tabindex="0"
        >
          <div
            class="square-gridnum"
          />
          <div
            class="square-value"
          />
        </div>
        <div
          class="square block"
          id="74"
          tabindex="0"
        >
          <div
            class="square-gridnum"
          />
          <div
            class="square-value"
          />
        </div>
        <div
          class="square block"
          id="75"
          tabindex="0"
        >
          <div
            class="square-gridnum"
          />
          <div
            class="square-value"
          />
        </div>
        <div
          class="square ws-across ws-down"
          id="76"
          tabindex="0"
        >
          <div
            class="square-gridnum"
          >
            26
          </div>
          <div
            class="square-value"
          />
        </div>
        <div
          class="square ws-down"
          id="77"
          tabindex="0"
        >
          <div
            class="square-gridnum"
          >
            27
          </div>
          <div
            class="square-value"
          />
        </div>
        <div
          class="square"
          id="78"
          tabindex="0"
        >
          <div
            class="square-gridnum"
          />
          <div
            class="square-value"
          />
        </div>
        <div
          class="square"
          id="79"
          tabindex="0"
        >
          <div
            class="square-gridnum"
          />
          <div
            class="square-value"
          />
        </div>
        <div
          class="square"
          id="80"
          tabindex="0"
        >
          <div
            class="square-gridnum"
          />
          <div
            class="square-value"
          />
        </div>
        <div
          class="square block"
          id="81"
          tabindex="0"
        >
          <div
            class="square-gridnum"
          />
          <div
            class="square-value"
          />
        </div>
        <div
          class="square block"
          id="82"
          tabindex="0"
        >
          <div
            class="square-gridnum"
          />
          <div
            class="square-value"
          />
        </div>
        <div
          class="square ws-across ws-down"
          id="83"
          tabindex="0"
        >
          <div
            class="square-gridnum"
          >
            28
          </div>
          <div
            class="square-value"
          />
        </div>
        <div
          class="square"
          id="84"
          tabindex="0"
        >
          <div
            class="square-gridnum"
          />
          <div
            class="square-value"
          />
        </div>
        <div
          class="square"
          id="85"
          tabindex="0"
        >
          <div
            class="square-gridnum"
          />
          <div
            class="square-value"
          />
        </div>
        <div
          class="square"
          id="86"
          tabindex="0"
        >
          <div
            class="square-gridnum"
          />
          <div
            class="square-value"
          />
        </div>
        <div
          class="square ws-down"
          id="87"
          tabindex="0"
        >
          <div
            class="square-gridnum"
          >
            29
          </div>
          <div
            class="square-value"
          />
        </div>
        <div
          class="square ws-down"
          id="88"
          tabindex="0"
        >
          <div
            class="square-gridnum"
          >
            30
          </div>
          <div
            class="square-value"
          />
        </div>
        <div
          class="square ws-down"
          id="89"
          tabindex="0"
        >
          <div
            class="square-gridnum"
          >
            31
          </div>
          <div
            class="square-value"
          />
        </div>
        <div
          class="square ws-across ws-down"
          id="90"
          tabindex="0"
        >
          <div
            class="square-gridnum"
          >
            32
          </div>
          <div
            class="square-value"
          />
        </div>
        <div
          class="square"
          id="91"
          tabindex="0"
        >
          <div
            class="square-gridnum"
          />
          <div
            class="square-value"
          />
        </div>
        <div
          class="square"
          id="92"
          tabindex="0"
        >
          <div
            class="square-gridnum"
          />
          <div
            class="square-value"
          />
        </div>
        <div
          class="square block"
          id="93"
          tabindex="0"
        >
          <div
            class="square-gridnum"
          />
          <div
            class="square-value"
          />
        </div>
        <div
          class="square block"
          id="94"
          tabindex="0"
        >
          <div
            class="square-gridnum"
          />
          <div
            class="square-value"
          />
        </div>
        <div
          class="square ws-across"
          id="95"
          tabindex="0"
        >
          <div
            class="square-gridnum"
          >
            33
          </div>
          <div
            class="square-value"
          />
        </div>
        <div
          class="square ws-down"
          id="96"
          tabindex="0"
        >
          <div
            class="square-gridnum"
          >
            34
          </div>
          <div
            class="square-value"
          />
        </div>
        <div
          class="square ws-down"
          id="97"
          tabindex="0"
        >
          <div
            class="square-gridnum"
          >
            35
          </div>
          <div
            class="square-value"
          />
        </div>
        <div
          class="square"
          id="98"
          tabindex="0"
        >
          <div
            class="square-gridnum"
          />
          <div
            class="square-value"
          />
        </div>
        <div
          class="square block"
          id="99"
          tabindex="0"
        >
          <div
            class="square-gridnum"
          />
          <div
            class="square-value"
          />
        </div>
        <div
          class="square ws-across"
          id="100"
          tabindex="0"
        >
          <div
            class="square-gridnum"
          >
            36
          </div>
          <div
            class="square-value"
          />
        </div>
        <div
          class="square"
          id="101"
          tabindex="0"
        >
          <div
            class="square-gridnum"
          />
          <div
            class="square-value"
          />
        </div>
        <div
          class="square"
          id="102"
          tabindex="0"
        >
          <div
            class="square-gridnum"
          />
          <div
            class="square-value"
          />
        </div>
        <div
          class="square"
          id="103"
          tabindex="0"
        >
          <div
            class="square-gridnum"
          />
          <div
            class="square-value"
          />
        </div>
        <div
          class="square"
          id="104"
          tabindex="0"
        >
          <div
            class="square-gridnum"
          />
          <div
            class="square-value"
          />
        </div>
        <div
          class="square ws-across"
          id="105"
          tabindex="0"
        >
          <div
            class="square-gridnum"
          >
            37
          </div>
          <div
            class="square-value"
          />
        </div>
        <div
          class="square"
          id="106"
          tabindex="0"
        >
          <div
            class="square-gridnum"
          />
          <div
            class="square-value"
          />
        </div>
        <div
          class="square"
          id="107"
          tabindex="0"
        >
          <div
            class="square-gridnum"
          />
          <div
            class="square-value"
          />
        </div>
        <div
          class="square ws-down"
          id="108"
          tabindex="0"
        >
          <div
            class="square-gridnum"
          >
            38
          </div>
          <div
            class="square-value"
          />
        </div>
        <div
          class="square ws-down"
          id="109"
          tabindex="0"
        >
          <div
            class="square-gridnum"
          >
            39
          </div>
          <div
            class="square-value"
          />
        </div>
        <div
          class="square"
          id="110"
          tabindex="0"
        >
          <div
            class="square-gridnum"
          />
          <div
            class="square-value"
          />
        </div>
        <div
          class="square"
          id="111"
          tabindex="0"
        >
          <div
            class="square-gridnum"
          />
          <div
            class="square-value"
          />
        </div>
        <div
          class="square"
          id="112"
          tabindex="0"
        >
          <div
            class="square-gridnum"
          />
          <div
            class="square-value"
          />
        </div>
        <div
          class="square"
          id="113"
          tabindex="0"
        >
          <div
            class="square-gridnum"
          />
          <div
            class="square-value"
          />
        </div>
        <div
          class="square ws-down"
          id="114"
          tabindex="0"
        >
          <div
            class="square-gridnum"
          >
            40
          </div>
          <div
            class="square-value"
          />
        </div>
        <div
          class="square"
          id="115"
          tabindex="0"
        >
          <div
            class="square-gridnum"
          />
          <div
            class="square-value"
          />
        </div>
        <div
          class="square"
          id="116"
          tabindex="0"
        >
          <div
            class="square-gridnum"
          />
          <div
            class="square-value"
          />
        </div>
        <div
          class="square"
          id="117"
          tabindex="0"
        >
          <div
            class="square-gridnum"
          />
          <div
            class="square-value"
          />
        </div>
        <div
          class="square"
          id="118"
          tabindex="0"
        >
          <div
            class="square-gridnum"
          />
          <div
            class="square-value"
          />
        </div>
        <div
          class="square"
          id="119"
          tabindex="0"
        >
          <div
            class="square-gridnum"
          />
          <div
            class="square-value"
          />
        </div>
        <div
          class="square ws-across"
          id="120"
          tabindex="0"
        >
          <div
            class="square-gridnum"
          >
            41
          </div>
          <div
            class="square-value"
          />
        </div>
        <div
          class="square"
          id="121"
          tabindex="0"
        >
          <div
            class="square-gridnum"
          />
          <div
            class="square-value"
          />
        </div>
        <div
          class="square"
          id="122"
          tabindex="0"
        >
          <div
            class="square-gridnum"
          />
          <div
            class="square-value"
          />
        </div>
        <div
          class="square"
          id="123"
          tabindex="0"
        >
          <div
            class="square-gridnum"
          />
          <div
            class="square-value"
          />
        </div>
        <div
          class="square"
          id="124"
          tabindex="0"
        >
          <div
            class="square-gridnum"
          />
          <div
            class="square-value"
          />
        </div>
        <div
          class="square block"
          id="125"
          tabindex="0"
        >
          <div
            class="square-gridnum"
          />
          <div
            class="square-value"
          />
        </div>
        <div
          class="square ws-across"
          id="126"
          tabindex="0"
        >
          <div
            class="square-gridnum"
          >
            42
          </div>
          <div
            class="square-value"
          />
        </div>
        <div
          class="square"
          id="127"
          tabindex="0"
        >
          <div
            class="square-gridnum"
          />
          <div
            class="square-value"
          />
        </div>
        <div
          class="square"
          id="128"
          tabindex="0"
        >
          <div
            class="square-gridnum"
          />
          <div
            class="square-value"
          />
        </div>
        <div
          class="square"
          id="129"
          tabindex="0"
        >
          <div
            class="square-gridnum"
          />
          <div
            class="square-value"
          />
        </div>
        <div
          class="square block"
          id="130"
          tabindex="0"
        >
          <div
            class="square-gridnum"
          />
          <div
            class="square-value"
          />
        </div>
        <div
          class="square block"
          id="131"
          tabindex="0"
        >
          <div
            class="square-gridnum"
          />
          <div
            class="square-value"
          />
        </div>
        <div
          class="square ws-across"
          id="132"
          tabindex="0"
        >
          <div
            class="square-gridnum"
          >
            43
          </div>
          <div
            class="square-value"
          />
        </div>
        <div
          class="square"
          id="133"
          tabindex="0"
        >
          <div
            class="square-gridnum"
          />
          <div
            class="square-value"
          />
        </div>
        <div
          class="square"
          id="134"
          tabindex="0"
        >
          <div
            class="square-gridnum"
          />
          <div
            class="square-value"
          />
        </div>
        <div
          class="square ws-across"
          id="135"
          tabindex="0"
        >
          <div
            class="square-gridnum"
          >
            44
          </div>
          <div
            class="square-value"
          />
        </div>
        <div
          class="square"
          id="136"
          tabindex="0"
        >
          <div
            class="square-gridnum"
          />
          <div
            class="square-value"
          />
        </div>
        <div
          class="square"
          id="137"
          tabindex="0"
        >
          <div
            class="square-gridnum"
          />
          <div
            class="square-value"
          />
        </div>
        <div
          class="square"
          id="138"
          tabindex="0"
        >
          <div
            class="square-gridnum"
          />
          <div
            class="square-value"
          />
        </div>
        <div
          class="square"
          id="139"
          tabindex="0"
        >
          <div
            class="square-gridnum"
          />
          <div
            class="square-value"
          />
        </div>
        <div
          class="square ws-down"
          id="140"
          tabindex="0"
        >
          <div
            class="square-gridnum"
          >
            45
          </div>
          <div
            class="square-value"
          />
        </div>
        <div
          class="square"
          id="141"
          tabindex="0"
        >
          <div
            class="square-gridnum"
          />
          <div
            class="square-value"
          />
        </div>
        <div
          class="square block"
          id="142"
          tabindex="0"
        >
          <div
            class="square-gridnum"
          />
          <div
            class="square-value"
          />
        </div>
        <div
          class="square block"
          id="143"
          tabindex="0"
        >
          <div
            class="square-gridnum"
          />
          <div
            class="square-value"
          />
        </div>
        <div
          class="square ws-across"
          id="144"
          tabindex="0"
        >
          <div
            class="square-gridnum"
          >
            46
          </div>
          <div
            class="square-value"
          />
        </div>
        <div
          class="square ws-down"
          id="145"
          tabindex="0"
        >
          <div
            class="square-gridnum"
          >
            47
          </div>
          <div
            class="square-value"
          />
        </div>
        <div
          class="square ws-down"
          id="146"
          tabindex="0"
        >
          <div
            class="square-gridnum"
          >
            48
          </div>
          <div
            class="square-value"
          />
        </div>
        <div
          class="square"
          id="147"
          tabindex="0"
        >
          <div
            class="square-gridnum"
          />
          <div
            class="square-value"
          />
        </div>
        <div
          class="square"
          id="148"
          tabindex="0"
        >
          <div
            class="square-gridnum"
          />
          <div
            class="square-value"
          />
        </div>
        <div
          class="square block"
          id="149"
          tabindex="0"
        >
          <div
            class="square-gridnum"
          />
          <div
            class="square-value"
          />
        </div>
        <div
          class="square block"
          id="150"
          tabindex="0"
        >
          <div
            class="square-gridnum"
          />
          <div
            class="square-value"
          />
        </div>
        <div
          class="square block"
          id="151"
          tabindex="0"
        >
          <div
            class="square-gridnum"
          />
          <div
            class="square-value"
          />
        </div>
        <div
          class="square block"
          id="152"
          tabindex="0"
        >
          <div
            class="square-gridnum"
          />
          <div
            class="square-value"
          />
        </div>
        <div
          class="square ws-across"
          id="153"
          tabindex="0"
        >
          <div
            class="square-gridnum"
          >
            49
          </div>
          <div
            class="square-value"
          />
        </div>
        <div
          class="square"
          id="154"
          tabindex="0"
        >
          <div
            class="square-gridnum"
          />
          <div
            class="square-value"
          />
        </div>
        <div
          class="square"
          id="155"
          tabindex="0"
        >
          <div
            class="square-gridnum"
          />
          <div
            class="square-value"
          />
        </div>
        <div
          class="square block"
          id="156"
          tabindex="0"
        >
          <div
            class="square-gridnum"
          />
          <div
            class="square-value"
          />
        </div>
        <div
          class="square ws-across ws-down"
          id="157"
          tabindex="0"
        >
          <div
            class="square-gridnum"
          >
            50
          </div>
          <div
            class="square-value"
          />
        </div>
        <div
          class="square ws-down"
          id="158"
          tabindex="0"
        >
          <div
            class="square-gridnum"
          >
            51
          </div>
          <div
            class="square-value"
          />
        </div>
        <div
          class="square"
          id="159"
          tabindex="0"
        >
          <div
            class="square-gridnum"
          />
          <div
            class="square-value"
          />
        </div>
        <div
          class="square"
          id="160"
          tabindex="0"
        >
          <div
            class="square-gridnum"
          />
          <div
            class="square-value"
          />
        </div>
        <div
          class="square"
          id="161"
          tabindex="0"
        >
          <div
            class="square-gridnum"
          />
          <div
            class="square-value"
          />
        </div>
        <div
          class="square block"
          id="162"
          tabindex="0"
        >
          <div
            class="square-gridnum"
          />
          <div
            class="square-value"
          />
        </div>
        <div
          class="square block"
          id="163"
          tabindex="0"
        >
          <div
            class="square-gridnum"
          />
          <div
            class="square-value"
          />
        </div>
        <div
          class="square block"
          id="164"
          tabindex="0"
        >
          <div
            class="square-gridnum"
          />
          <div
            class="square-value"
          />
        </div>
        <div
          class="square ws-across ws-down"
          id="165"
          tabindex="0"
        >
          <div
            class="square-gridnum"
          >
            52
          </div>
          <div
            class="square-value"
          />
        </div>
        <div
          class="square ws-down"
          id="166"
          tabindex="0"
        >
          <div
            class="square-gridnum"
          >
            53
          </div>
          <div
            class="square-value"
          />
        </div>
        <div
          class="square ws-down"
          id="167"
          tabindex="0"
        >
          <div
            class="square-gridnum"
          >
            54
          </div>
          <div
            class="square-value"
          />
        </div>
        <div
          class="square"
          id="168"
          tabindex="0"
        >
          <div
            class="square-gridnum"
          />
          <div
            class="square-value"
          />
        </div>
        <div
          class="square"
          id="169"
          tabindex="0"
        >
          <div
            class="square-gridnum"
          />
          <div
            class="square-value"
          />
        </div>
        <div
          class="square"
          id="170"
          tabindex="0"
        >
          <div
            class="square-gridnum"
          />
          <div
            class="square-value"
          />
        </div>
        <div
          class="square ws-down"
          id="171"
          tabindex="0"
        >
          <div
            class="square-gridnum"
          >
            55
          </div>
          <div
            class="square-value"
          />
        </div>
        <div
          class="square"
          id="172"
          tabindex="0"
        >
          <div
            class="square-gridnum"
          />
          <div
            class="square-value"
          />
        </div>
        <div
          class="square"
          id="173"
          tabindex="0"
        >
          <div
            class="square-gridnum"
          />
          <div
            class="square-value"
          />
        </div>
        <div
          class="square block"
          id="174"
          tabindex="0"
        >
          <div
            class="square-gridnum"
          />
          <div
            class="square-value"
          />
        </div>
        <div
          class="square ws-across"
          id="175"
          tabindex="0"
        >
          <div
            class="square-gridnum"
          >
            56
          </div>
          <div
            class="square-value"
          />
        </div>
        <div
          class="square"
          id="176"
          tabindex="0"
        >
          <div
            class="square-gridnum"
          />
          <div
            class="square-value"
          />
        </div>
        <div
          class="square ws-down"
          id="177"
          tabindex="0"
        >
          <div
            class="square-gridnum"
          >
            57
          </div>
          <div
            class="square-value"
          />
        </div>
        <div
          class="square ws-down"
          id="178"
          tabindex="0"
        >
          <div
            class="square-gridnum"
          >
            58
          </div>
          <div
            class="square-value"
          />
        </div>
        <div
          class="square ws-down"
          id="179"
          tabindex="0"
        >
          <div
            class="square-gridnum"
          >
            59
          </div>
          <div
            class="square-value"
          />
        </div>
        <div
          class="square ws-across"
          id="180"
          tabindex="0"
        >
          <div
            class="square-gridnum"
          >
            60
          </div>
          <div
            class="square-value"
          />
        </div>
        <div
          class="square"
          id="181"
          tabindex="0"
        >
          <div
            class="square-gridnum"
          />
          <div
            class="square-value"
          />
        </div>
        <div
          class="square"
          id="182"
          tabindex="0"
        >
          <div
            class="square-gridnum"
          />
          <div
            class="square-value"
          />
        </div>
        <div
          class="square"
          id="183"
          tabindex="0"
        >
          <div
            class="square-gridnum"
          />
          <div
            class="square-value"
          />
        </div>
        <div
          class="square block"
          id="184"
          tabindex="0"
        >
          <div
            class="square-gridnum"
          />
          <div
            class="square-value"
          />
        </div>
        <div
          class="square ws-across"
          id="185"
          tabindex="0"
        >
          <div
            class="square-gridnum"
          >
            61
          </div>
          <div
            class="square-value"
          />
        </div>
        <div
          class="square"
          id="186"
          tabindex="0"
        >
          <div
            class="square-gridnum"
          />
          <div
            class="square-value"
          />
        </div>
        <div
          class="square"
          id="187"
          tabindex="0"
        >
          <div
            class="square-gridnum"
          />
          <div
            class="square-value"
          />
        </div>
        <div
          class="square"
          id="188"
          tabindex="0"
        >
          <div
            class="square-gridnum"
          />
          <div
            class="square-value"
          />
        </div>
        <div
          class="square ws-down"
          id="189"
          tabindex="0"
        >
          <div
            class="square-gridnum"
          >
            62
          </div>
          <div
            class="square-value"
          />
        </div>
        <div
          class="square"
          id="190"
          tabindex="0"
        >
          <div
            class="square-gridnum"
          />
          <div
            class="square-value"
          />
        </div>
        <div
          class="square"
          id="191"
          tabindex="0"
        >
          <div
            class="square-gridnum"
          />
          <div
            class="square-value"
          />
        </div>
        <div
          class="square"
          id="192"
          tabindex="0"
        >
          <div
            class="square-gridnum"
          />
          <div
            class="square-value"
          />
        </div>
        <div
          class="square"
          id="193"
          tabindex="0"
        >
          <div
            class="square-gridnum"
          />
          <div
            class="square-value"
          />
        </div>
        <div
          class="square"
          id="194"
          tabindex="0"
        >
          <div
            class="square-gridnum"
          />
          <div
            class="square-value"
          />
        </div>
        <div
          class="square ws-across"
          id="195"
          tabindex="0"
        >
          <div
            class="square-gridnum"
          >
            63
          </div>
          <div
            class="square-value"
          />
        </div>
        <div
          class="square"
          id="196"
          tabindex="0"
        >
          <div
            class="square-gridnum"
          />
          <div
            class="square-value"
          />
        </div>
        <div
          class="square"
          id="197"
          tabindex="0"
        >
          <div
            class="square-gridnum"
          />
          <div
            class="square-value"
          />
        </div>
        <div
          class="square"
          id="198"
          tabindex="0"
        >
          <div
            class="square-gridnum"
          />
          <div
            class="square-value"
          />
        </div>
        <div
          class="square block"
          id="199"
          tabindex="0"
        >
          <div
            class="square-gridnum"
          />
          <div
            class="square-value"
          />
        </div>
        <div
          class="square ws-across"
          id="200"
          tabindex="0"
        >
          <div
            class="square-gridnum"
          >
            64
          </div>
          <div
            class="square-value"
          />
        </div>
        <div
          class="square"
          id="201"
          tabindex="0"
        >
          <div
            class="square-gridnum"
          />
          <div
            class="square-value"
          />
        </div>
        <div
          class="square"
          id="202"
          tabindex="0"
        >
          <div
            class="square-gridnum"
          />
          <div
            class="square-value"
          />
        </div>
        <div
          class="square"
          id="203"
          tabindex="0"
        >
          <div
            class="square-gridnum"
          />
          <div
            class="square-value"
          />
        </div>
        <div
          class="square"
          id="204"
          tabindex="0"
        >
          <div
            class="square-gridnum"
          />
          <div
            class="square-value"
          />
        </div>
        <div
          class="square block"
          id="205"
          tabindex="0"
        >
          <div
            class="square-gridnum"
          />
          <div
            class="square-value"
          />
        </div>
        <div
          class="square ws-across"
          id="206"
          tabindex="0"
        >
          <div
            class="square-gridnum"
          >
            65
          </div>
          <div
            class="square-value"
          />
        </div>
        <div
          class="square"
          id="207"
          tabindex="0"
        >
          <div
            class="square-gridnum"
          />
          <div
            class="square-value"
          />
        </div>
        <div
          class="square"
          id="208"
          tabindex="0"
        >
          <div
            class="square-gridnum"
          />
          <div
            class="square-value"
          />
        </div>
        <div
          class="square"
          id="209"
          tabindex="0"
        >
          <div
            class="square-gridnum"
          />
          <div
            class="square-value"
          />
        </div>
        <div
          class="square ws-across"
          id="210"
          tabindex="0"
        >
          <div
            class="square-gridnum"
          >
            66
          </div>
          <div
            class="square-value"
          />
        </div>
        <div
          class="square"
          id="211"
          tabindex="0"
        >
          <div
            class="square-gridnum"
          />
          <div
            class="square-value"
          />
        </div>
        <div
          class="square"
          id="212"
          tabindex="0"
        >
          <div
            class="square-gridnum"
          />
          <div
            class="square-value"
          />
        </div>
        <div
          class="square"
          id="213"
          tabindex="0"
        >
          <div
            class="square-gridnum"
          />
          <div
            class="square-value"
          />
        </div>
        <div
          class="square block"
          id="214"
          tabindex="0"
        >
          <div
            class="square-gridnum"
          />
          <div
            class="square-value"
          />
        </div>
        <div
          class="square ws-across"
          id="215"
          tabindex="0"
        >
          <div
            class="square-gridnum"
          >
            67
          </div>
          <div
            class="square-value"
          />
        </div>
        <div
          class="square"
          id="216"
          tabindex="0"
        >
          <div
            class="square-gridnum"
          />
          <div
            class="square-value"
          />
        </div>
        <div
          class="square"
          id="217"
          tabindex="0"
        >
          <div
            class="square-gridnum"
          />
          <div
            class="square-value"
          />
        </div>
        <div
          class="square"
          id="218"
          tabindex="0"
        >
          <div
            class="square-gridnum"
          />
          <div
            class="square-value"
          />
        </div>
        <div
          class="square"
          id="219"
          tabindex="0"
        >
          <div
            class="square-gridnum"
          />
          <div
            class="square-value"
          />
        </div>
        <div
          class="square block"
          id="220"
          tabindex="0"
        >
          <div
            class="square-gridnum"
          />
          <div
            class="square-value"
          />
        </div>
        <div
          class="square ws-across"
          id="221"
          tabindex="0"
        >
          <div
            class="square-gridnum"
          >
            68
          </div>
          <div
            class="square-value"
          />
        </div>
        <div
          class="square"
          id="222"
          tabindex="0"
        >
          <div
            class="square-gridnum"
          />
          <div
            class="square-value"
          />
        </div>
        <div
          class="square"
          id="223"
          tabindex="0"
        >
          <div
            class="square-gridnum"
          />
          <div
            class="square-value"
          />
        </div>
        <div
          class="square"
          id="224"
          tabindex="0"
        >
          <div
            class="square-gridnum"
          />
          <div
            class="square-value"
          />
        </div>
      </div>
      <div
        class="clue"
      >
        <div
          class="arrow-container"
        >
          <img
            alt="prev_clue"
            class="arrows"
            src="prev.svg"
          />
        </div>
        <div
          class="clue-text"
        >
          1. Cardamom-infused tea
        </div>
        <div
          class="arrow-container"
        >
          <img
            alt="next_clue"
            class="arrows"
            src="next.svg"
          />
        </div>
      </div>
      <div
        class="Keyboard"
      >
        <div
          class="firstRow"
        >
          <button
            class="MuiButton-root MuiButton-text MuiButton-textPrimary MuiButton-sizeMedium MuiButton-textSizeMedium MuiButtonBase-root  css-1e6y48t-MuiButtonBase-root-MuiButton-root"
            id="q"
            tabindex="0"
            type="button"
          >
            Q
            <span
              class="MuiTouchRipple-root css-8je8zh-MuiTouchRipple-root"
            />
          </button>
          <button
            class="MuiButton-root MuiButton-text MuiButton-textPrimary MuiButton-sizeMedium MuiButton-textSizeMedium MuiButtonBase-root  css-1e6y48t-MuiButtonBase-root-MuiButton-root"
            id="w"
            tabindex="0"
            type="button"
          >
            W
            <span
              class="MuiTouchRipple-root css-8je8zh-MuiTouchRipple-root"
            />
          </button>
          <button
            class="MuiButton-root MuiButton-text MuiButton-textPrimary MuiButton-sizeMedium MuiButton-textSizeMedium MuiButtonBase-root  css-1e6y48t-MuiButtonBase-root-MuiButton-root"
            id="e"
            tabindex="0"
            type="button"
          >
            E
            <span
              class="MuiTouchRipple-root css-8je8zh-MuiTouchRipple-root"
            />
          </button>
          <button
            class="MuiButton-root MuiButton-text MuiButton-textPrimary MuiButton-sizeMedium MuiButton-textSizeMedium MuiButtonBase-root  css-1e6y48t-MuiButtonBase-root-MuiButton-root"
            id="r"
            tabindex="0"
            type="button"
          >
            R
            <span
              class="MuiTouchRipple-root css-8je8zh-MuiTouchRipple-root"
            />
          </button>
          <button
            class="MuiButton-root MuiButton-text MuiButton-textPrimary MuiButton-sizeMedium MuiButton-textSizeMedium MuiButtonBase-root  css-1e6y48t-MuiButtonBase-root-MuiButton-root"
            id="t"
            tabindex="0"
            type="button"
          >
            T
            <span
              class="MuiTouchRipple-root css-8je8zh-MuiTouchRipple-root"
            />
          </button>
          <button
            class="MuiButton-root MuiButton-text MuiButton-textPrimary MuiButton-sizeMedium MuiButton-textSizeMedium MuiButtonBase-root  css-1e6y48t-MuiButtonBase-root-MuiButton-root"
            id="y"
            tabindex="0"
            type="button"
          >
            Y
            <span
              class="MuiTouchRipple-root css-8je8zh-MuiTouchRipple-root"
            />
          </button>
          <button
            class="MuiButton-root MuiButton-text MuiButton-textPrimary MuiButton-sizeMedium MuiButton-textSizeMedium MuiButtonBase-root  css-1e6y48t-MuiButtonBase-root-MuiButton-root"
            id="u"
            tabindex="0"
            type="button"
          >
            U
            <span
              class="MuiTouchRipple-root css-8je8zh-MuiTouchRipple-root"
            />
          </button>
          <button
            class="MuiButton-root MuiButton-text MuiButton-textPrimary MuiButton-sizeMedium MuiButton-textSizeMedium MuiButtonBase-root  css-1e6y48t-MuiButtonBase-root-MuiButton-root"
            id="i"
            tabindex="0"
            type="button"
          >
            I
            <span
              class="MuiTouchRipple-root css-8je8zh-MuiTouchRipple-root"
            />
          </button>
          <button
            class="MuiButton-root MuiButton-text MuiButton-textPrimary MuiButton-sizeMedium MuiButton-textSizeMedium MuiButtonBase-root  css-1e6y48t-MuiButtonBase-root-MuiButton-root"
            id="o"
            tabindex="0"
            type="button"
          >
            O
            <span
              class="MuiTouchRipple-root css-8je8zh-MuiTouchRipple-root"
            />
          </button>
          <button
            class="MuiButton-root MuiButton-text MuiButton-textPrimary MuiButton-sizeMedium MuiButton-textSizeMedium MuiButtonBase-root  css-1e6y48t-MuiButtonBase-root-MuiButton-root"
            id="p"
            tabindex="0"
            type="button"
          >
            P
            <span
              class="MuiTouchRipple-root css-8je8zh-MuiTouchRipple-root"
            />
          </button>
        </div>
        <div
          class="secondRow"
        >
          <button
            class="MuiButton-root MuiButton-text MuiButton-textPrimary MuiButton-sizeMedium MuiButton-textSizeMedium MuiButtonBase-root firstLetter css-1e6y48t-MuiButtonBase-root-MuiButton-root"
            id="a"
            tabindex="0"
            type="button"
          >
            A
            <span
              class="MuiTouchRipple-root css-8je8zh-MuiTouchRipple-root"
            />
          </button>
          <button
            class="MuiButton-root MuiButton-text MuiButton-textPrimary MuiButton-sizeMedium MuiButton-textSizeMedium MuiButtonBase-root  css-1e6y48t-MuiButtonBase-root-MuiButton-root"
            id="s"
            tabindex="0"
            type="button"
          >
            S
            <span
              class="MuiTouchRipple-root css-8je8zh-MuiTouchRipple-root"
            />
          </button>
          <button
            class="MuiButton-root MuiButton-text MuiButton-textPrimary MuiButton-sizeMedium MuiButton-textSizeMedium MuiButtonBase-root  css-1e6y48t-MuiButtonBase-root-MuiButton-root"
            id="d"
            tabindex="0"
            type="button"
          >
            D
            <span
              class="MuiTouchRipple-root css-8je8zh-MuiTouchRipple-root"
            />
          </button>
          <button
            class="MuiButton-root MuiButton-text MuiButton-textPrimary MuiButton-sizeMedium MuiButton-textSizeMedium MuiButtonBase-root  css-1e6y48t-MuiButtonBase-root-MuiButton-root"
            id="f"
            tabindex="0"
            type="button"
          >
            F
            <span
              class="MuiTouchRipple-root css-8je8zh-MuiTouchRipple-root"
            />
          </button>
          <button
            class="MuiButton-root MuiButton-text MuiButton-textPrimary MuiButton-sizeMedium MuiButton-textSizeMedium MuiButtonBase-root  css-1e6y48t-MuiButtonBase-root-MuiButton-root"
            id="g"
            tabindex="0"
            type="button"
          >
            G
            <span
              class="MuiTouchRipple-root css-8je8zh-MuiTouchRipple-root"
            />
          </button>
          <button
            class="MuiButton-root MuiButton-text MuiButton-textPrimary MuiButton-sizeMedium MuiButton-textSizeMedium MuiButtonBase-root  css-1e6y48t-MuiButtonBase-root-MuiButton-root"
            id="h"
            tabindex="0"
            type="button"
          >
            H
            <span
              class="MuiTouchRipple-root css-8je8zh-MuiTouchRipple-root"
            />
          </button>
          <button
            class="MuiButton-root MuiButton-text MuiButton-textPrimary MuiButton-sizeMedium MuiButton-textSizeMedium MuiButtonBase-root  css-1e6y48t-MuiButtonBase-root-MuiButton-root"
            id="j"
            tabindex="0"
            type="button"
          >
            J
            <span
              class="MuiTouchRipple-root css-8je8zh-MuiTouchRipple-root"
            />
          </button>
          <button
            class="MuiButton-root MuiButton-text MuiButton-textPrimary MuiButton-sizeMedium MuiButton-textSizeMedium MuiButtonBase-root  css-1e6y48t-MuiButtonBase-root-MuiButton-root"
            id="k"
            tabindex="0"
            type="button"
          >
            K
            <span
              class="MuiTouchRipple-root css-8je8zh-MuiTouchRipple-root"
            />
          </button>
          <button
            class="MuiButton-root MuiButton-text MuiButton-textPrimary MuiButton-sizeMedium MuiButton-textSizeMedium MuiButtonBase-root  css-1e6y48t-MuiButtonBase-root-MuiButton-root"
            id="l"
            tabindex="0"
            type="button"
          >
            L
            <span
              class="MuiTouchRipple-root css-8je8zh-MuiTouchRipple-root"
            />
          </button>
        </div>
        <div
          class="thirdRow"
        >
          <button
            class="MuiButton-root MuiButton-text MuiButton-textPrimary MuiButton-sizeMedium MuiButton-textSizeMedium MuiButtonBase-root rebus  css-1e6y48t-MuiButtonBase-root-MuiButton-root"
            tabindex="0"
            type="button"
          >
            REBUS
            <span
              class="MuiTouchRipple-root css-8je8zh-MuiTouchRipple-root"
            />
          </button>
          <button
            class="MuiButton-root MuiButton-text MuiButton-textPrimary MuiButton-sizeMedium MuiButton-textSizeMedium MuiButtonBase-root  css-1e6y48t-MuiButtonBase-root-MuiButton-root"
            id="z"
            tabindex="0"
            type="button"
          >
            Z
            <span
              class="MuiTouchRipple-root css-8je8zh-MuiTouchRipple-root"
            />
          </button>
          <button
            class="MuiButton-root MuiButton-text MuiButton-textPrimary MuiButton-sizeMedium MuiButton-textSizeMedium MuiButtonBase-root  css-1e6y48t-MuiButtonBase-root-MuiButton-root"
            id="x"
            tabindex="0"
            type="button"
          >
            X
            <span
              class="MuiTouchRipple-root css-8je8zh-MuiTouchRipple-root"
            />
          </button>
          <button
            class="MuiButton-root MuiButton-text MuiButton-textPrimary MuiButton-sizeMedium MuiButton-textSizeMedium MuiButtonBase-root  css-1e6y48t-MuiButtonBase-root-MuiButton-root"
            id="c"
            tabindex="0"
            type="button"
          >
            C
            <span
              class="MuiTouchRipple-root css-8je8zh-MuiTouchRipple-root"
            />
          </button>
          <button
            class="MuiButton-root MuiButton-text MuiButton-textPrimary MuiButton-sizeMedium MuiButton-textSizeMedium MuiButtonBase-root  css-1e6y48t-MuiButtonBase-root-MuiButton-root"
            id="v"
            tabindex="0"
            type="button"
          >
            V
            <span
              class="MuiTouchRipple-root css-8je8zh-MuiTouchRipple-root"
            />
          </button>
          <button
            class="MuiButton-root MuiButton-text MuiButton-textPrimary MuiButton-sizeMedium MuiButton-textSizeMedium MuiButtonBase-root  css-1e6y48t-MuiButtonBase-root-MuiButton-root"
            id="b"
            tabindex="0"
            type="button"
          >
            B
            <span
              class="MuiTouchRipple-root css-8je8zh-MuiTouchRipple-root"
            />
          </button>
          <button
            class="MuiButton-root MuiButton-text MuiButton-textPrimary MuiButton-sizeMedium MuiButton-textSizeMedium MuiButtonBase-root  css-1e6y48t-MuiButtonBase-root-MuiButton-root"
            id="n"
            tabindex="0"
            type="button"
          >
            N
            <span
              class="MuiTouchRipple-root css-8je8zh-MuiTouchRipple-root"
            />
          </button>
          <button
            class="MuiButton-root MuiButton-text MuiButton-textPrimary MuiButton-sizeMedium MuiButton-textSizeMedium MuiButtonBase-root  css-1e6y48t-MuiButtonBase-root-MuiButton-root"
            id="m"
            tabindex="0"
            type="button"
          >
            M
            <span
              class="MuiTouchRipple-root css-8je8zh-MuiTouchRipple-root"
            />
          </button>
          <button
            class="MuiButton-root MuiButton-text MuiButton-textPrimary MuiButton-sizeMedium MuiButton-textSizeMedium MuiButtonBase-root  css-1e6y48t-MuiButtonBase-root-MuiButton-root"
            tabindex="0"
            type="button"
          >
            <img
              alt="backspace"
              class="backspace"
              id="Backspace"
              src="backspace-outline.png"
            />
            <span
              class="MuiTouchRipple-root css-8je8zh-MuiTouchRipple-root"
            />
          </button>
        </div>
      </div>
    </div>
  </div>
</div>
`;
